current directory: /home/adam/Documents/programming/scradam1.github.io/gems/json-2.19.7/ext/json/ext/parser
/usr/bin/ruby extconf.rb
checking for rb_enc_interned_str() in ruby/encoding.h... yes
checking for rb_str_to_interned_str() in ruby.h... yes
checking for rb_hash_new_capa() in ruby.h... yes
checking for rb_hash_bulk_insert() in ruby.h... yes
checking for RUBY_TYPED_EMBEDDABLE in ruby.h... yes
checking for whether -std=c99 is accepted as CFLAGS... yes
checking for x86intrin.h... yes
checking for cpuid.h... yes
creating Makefile

current directory: /home/adam/Documents/programming/scradam1.github.io/gems/json-2.19.7/ext/json/ext/parser
make DESTDIR\= sitearchdir\=./.gem.20260904-412970-kh2bb9 sitelibdir\=./.gem.20260904-412970-kh2bb9 clean

current directory: /home/adam/Documents/programming/scradam1.github.io/gems/json-2.19.7/ext/json/ext/parser
make DESTDIR\= sitearchdir\=./.gem.20260904-412970-kh2bb9 sitelibdir\=./.gem.20260904-412970-kh2bb9
compiling parser.c
linking shared-object json/ext/parser.so

current directory: /home/adam/Documents/programming/scradam1.github.io/gems/json-2.19.7/ext/json/ext/parser
make DESTDIR\= sitearchdir\=./.gem.20260904-412970-kh2bb9 sitelibdir\=./.gem.20260904-412970-kh2bb9 install
/usr/bin/install -c -m 0755 parser.so ./.gem.20260904-412970-kh2bb9/json/ext

current directory: /home/adam/Documents/programming/scradam1.github.io/gems/json-2.19.7/ext/json/ext/parser
make DESTDIR\= sitearchdir\=./.gem.20260904-412970-kh2bb9 sitelibdir\=./.gem.20260904-412970-kh2bb9 clean
