current directory: /home/adam/Documents/programming/scradam1.github.io/gems/io-event-1.21.1/ext
/usr/bin/ruby extconf.rb
checking for whether -Wall is accepted as CFLAGS... yes
checking for whether -Wno-unknown-pragmas is accepted as CFLAGS... yes
checking for whether -std=c99 is accepted as CFLAGS... yes
checking for rb_ext_ractor_safe()... yes
checking for &rb_fiber_transfer()... yes
checking for -luring... yes
checking for liburing.h... yes
checking for io_uring_prep_waitid() in liburing.h... yes
checking for sys/epoll.h... yes
checking for sys/event.h... no
checking for sys/wait.h... yes
checking for sys/eventfd.h... yes
checking for rb_io_descriptor()... yes
checking for rb_process_status_for()... no
checking for &rb_process_status_wait()... yes
checking for rb_fiber_current()... yes
checking for &rb_fiber_raise()... yes
checking for epoll_pwait2(0, 0, 0, 0, 0) in sys/epoll.h... yes
checking for ruby/io/buffer.h... yes
checking for rb_fiber_scheduler_blocking_operation_extract()... no
creating extconf.h
creating Makefile

current directory: /home/adam/Documents/programming/scradam1.github.io/gems/io-event-1.21.1/ext
make DESTDIR\= sitearchdir\=./.gem.20260904-418450-9q3s0d sitelibdir\=./.gem.20260904-418450-9q3s0d clean

current directory: /home/adam/Documents/programming/scradam1.github.io/gems/io-event-1.21.1/ext
make DESTDIR\= sitearchdir\=./.gem.20260904-418450-9q3s0d sitelibdir\=./.gem.20260904-418450-9q3s0d
compiling ./io/event/event.c
compiling ./io/event/time.c
compiling ./io/event/fiber.c
compiling ./io/event/selector/selector.c
compiling ./io/event/selector/uring.c
compiling ./io/event/selector/epoll.c
compiling ./io/event/interrupt.c
linking shared-object IO_Event.so

current directory: /home/adam/Documents/programming/scradam1.github.io/gems/io-event-1.21.1/ext
make DESTDIR\= sitearchdir\=./.gem.20260904-418450-9q3s0d sitelibdir\=./.gem.20260904-418450-9q3s0d install
/usr/bin/install -c -m 0755 IO_Event.so ./.gem.20260904-418450-9q3s0d

current directory: /home/adam/Documents/programming/scradam1.github.io/gems/io-event-1.21.1/ext
make DESTDIR\= sitearchdir\=./.gem.20260904-418450-9q3s0d sitelibdir\=./.gem.20260904-418450-9q3s0d clean
