current directory: /home/adam/Documents/programming/scradam1.github.io/gems/io-event-1.16.1/ext
/usr/bin/ruby extconf.rb
checking for whether -Wall is accepted as CFLAGS... yes
checking for whether -Wno-unknown-pragmas is accepted as CFLAGS... yes
checking for whether -std=c99 is accepted as CFLAGS... yes
checking for rb_ext_ractor_safe()... yes
checking for &rb_fiber_transfer()... yes
checking for -luring... yes
checking for liburing.h... yes
checking for sys/epoll.h... yes
checking for sys/event.h... no
checking for sys/wait.h... yes
checking for sys/eventfd.h... yes
checking for rb_io_descriptor()... yes
checking for &rb_process_status_wait()... yes
checking for rb_fiber_current()... yes
checking for &rb_fiber_raise()... yes
checking for epoll_pwait2()... yes
checking for ruby/io/buffer.h... yes
checking for rb_fiber_scheduler_blocking_operation_extract()... no
creating extconf.h
creating Makefile

current directory: /home/adam/Documents/programming/scradam1.github.io/gems/io-event-1.16.1/ext
make DESTDIR\= sitearchdir\=./.gem.20260904-412970-1y8un2 sitelibdir\=./.gem.20260904-412970-1y8un2 clean

current directory: /home/adam/Documents/programming/scradam1.github.io/gems/io-event-1.16.1/ext
make DESTDIR\= sitearchdir\=./.gem.20260904-412970-1y8un2 sitelibdir\=./.gem.20260904-412970-1y8un2
compiling ./io/event/event.c
compiling ./io/event/time.c
compiling ./io/event/fiber.c
compiling ./io/event/selector/selector.c
compiling ./io/event/selector/uring.c
compiling ./io/event/selector/epoll.c
compiling ./io/event/interrupt.c
linking shared-object IO_Event.so

current directory: /home/adam/Documents/programming/scradam1.github.io/gems/io-event-1.16.1/ext
make DESTDIR\= sitearchdir\=./.gem.20260904-412970-1y8un2 sitelibdir\=./.gem.20260904-412970-1y8un2 install
/usr/bin/install -c -m 0755 IO_Event.so ./.gem.20260904-412970-1y8un2

current directory: /home/adam/Documents/programming/scradam1.github.io/gems/io-event-1.16.1/ext
make DESTDIR\= sitearchdir\=./.gem.20260904-412970-1y8un2 sitelibdir\=./.gem.20260904-412970-1y8un2 clean
